// Jest Snapshot v1, https://goo.gl/fbAQLP

exports[`Correctly render component FilmInfoDescription 1`] = `
<div
  className="movie-card__desc"
>
  <nav
    className="movie-nav movie-card__nav"
  >
    <ul
      className="movie-nav__list"
    >
      <li
        className="movie-nav__item movie-nav__item--active"
      >
        <a
          className="movie-nav__link"
          href="#"
          onClick={[Function]}
        >
          Overview
        </a>
      </li>
      <li
        className="movie-nav__item false"
      >
        <a
          className="movie-nav__link"
          href="#"
          onClick={[Function]}
        >
          Details
        </a>
      </li>
      <li
        className="movie-nav__item false"
      >
        <a
          className="movie-nav__link"
          href="#"
          onClick={[Function]}
        >
          Reviews
        </a>
      </li>
    </ul>
  </nav>
  <div
    className="movie-rating"
  >
    <div
      className="movie-rating__score"
    >
      4.1
    </div>
    <p
      className="movie-rating__meta"
    >
      <span
        className="movie-rating__level"
      >
        Normal
      </span>
      <span
        className="movie-rating__count"
      >
        1002557
         ratings
      </span>
    </p>
  </div>
  <div
    className="movie-card__text"
  >
    In 1954, a U.S. Marshal investigates the disappearance of a murderer, who escaped from a hospital for the criminally insane.
    <p
      className="movie-card__director"
    >
      <strong>
        Director: 
        Martin Scorsese
      </strong>
    </p>
    <p
      className="movie-card__starring"
    >
      <strong>
        Starring: 
        Leonardo DiCaprio, Emily Mortimer, Mark Ruffalo
        .
      </strong>
    </p>
  </div>
</div>
`;
