// Jest Snapshot v1, https://goo.gl/fbAQLP

exports[`withVideoPlayer is rendered correctly 1`] = `
<div>
  <video
    alt=""
    className=""
    height={null}
    width={null}
  />
</div>
`;
