// Jest Snapshot v1, https://goo.gl/fbAQLP

exports[`Correctly render component Video Player 1`] = `
<p>
  Something went wrong :(
</p>
`;
