// Jest Snapshot v1, https://goo.gl/fbAQLP

exports[`Correctly render component Page Content 1`] = `
<div
  className="page-content"
>
  <section
    className="catalog"
  >
    <h2
      className="catalog__title visually-hidden"
    >
      Catalog
    </h2>
    <ul
      className="catalog__genres-list"
    >
      <li
        className="catalog__genres-item catalog__genres-item--active"
        onClick={[Function]}
      >
        <a
          className="catalog__genres-link"
          href="#"
        >
          All genres
        </a>
      </li>
      <li
        className="catalog__genres-item false"
        onClick={[Function]}
      >
        <a
          className="catalog__genres-link"
          href="#"
        >
          Thriller
        </a>
      </li>
    </ul>
    <div
      className="catalog__movies-list"
    >
      <article
        className="small-movie-card catalog__movies-card"
        onClick={[Function]}
      >
        <section
          className="small-movie-card__image"
          onClick={[Function]}
          onMouseEnter={[Function]}
          onMouseLeave={[Function]}
        >
          <video
            alt=""
            className=""
            height={175}
            poster="https://htmlacademy-react-3.appspot.com/wtw/static/film/preview/shutter-island.jpg"
            src="https://download.blender.org/durian/trailer/sintel_trailer-480p.mp4"
            width={280}
          />
        </section>
        <h3
          className="small-movie-card__title"
        >
          <a
            className="small-movie-card__link"
            href="#!"
          >
            Shutter Island
          </a>
        </h3>
      </article>
    </div>
  </section>
  <footer
    className="page-footer"
  >
    <div
      className="logo"
    >
      <a
        className="logo__link logo__link--light"
      >
        <span
          className="logo__letter logo__letter--1"
        >
          W
        </span>
        <span
          className="logo__letter logo__letter--2"
        >
          T
        </span>
        <span
          className="logo__letter logo__letter--3"
        >
          W
        </span>
      </a>
    </div>
    <div
      className="copyright"
    >
      <p>
        Â© 2019 What to watch Ltd.
      </p>
    </div>
  </footer>
</div>
`;
